[START] s2_quality @ 2026-09-24 17:41:30
[数据] sample=(51230, 22) arxiv=(17523, 22) github=(203752, 22)
[域分布 sample] {np.str_('arxiv'): np.int64(1419), np.str_('book'): np.int64(171), np.str_('c4'): np.int64(10000), np.str_('commoncrawl'): np.int64(9640), np.str_('github'): np.int64(10000), np.str_('stackexchange'): np.int64(10000), np.str_('wikipedia'): np.int64(10000)}
[域分布 arxiv ] {np.str_('arxiv'): np.int64(17523)}
[域分布 github] {np.str_('github'): np.int64(203752)}

===== S2.1 相关性/冗余诊断 =====
  Top-15 高相关指标对（Pearson |r| 排序）：
    dsir_books                                   ~ dsir_wiki                                    r=+0.987 rho=+0.999
    dsir_wiki                                    ~ dsir_math                                    r=+0.971 rho=+0.997
    dsir_books                                   ~ dsir_math                                    r=+0.945 rho=+0.997
    rps_doc_word_count                           ~ rps_doc_num_sentences                        r=+0.670 rho=+0.569
    rps_doc_unigram_entropy                      ~ rps_doc_frac_unique_words                    r=-0.665 rho=-0.648
    modernbert_cleanliness                       ~ modernbert_readability                       r=+0.617 rho=+0.649
    rps_doc_frac_chars_top_2gram                 ~ rps_doc_frac_chars_top_3gram                 r=+0.541 rho=+0.484
    rps_doc_unigram_entropy                      ~ modernbert_reasoning                         r=+0.540 rho=+0.571
    rps_doc_frac_unique_words                    ~ modernbert_reasoning                         r=-0.534 rho=-0.529
    modernbert_reasoning                         ~ modernbert_professionalism                   r=+0.514 rho=+0.526
    dsir_math                                    ~ rps_doc_frac_unique_words                    r=+0.514 rho=+0.826
    rps_lines_ending_with_terminal_punctution_mark ~ modernbert_professionalism                   r=-0.508 rho=-0.519
    modernbert_reasoning                         ~ fineweb_edu                                  r=+0.487 rho=+0.542
    rps_doc_unigram_entropy                      ~ modernbert_readability                       r=+0.471 rho=+0.483
    dsir_wiki                                    ~ rps_doc_frac_unique_words                    r=+0.466 rho=+0.823

===== S2.2 赋权方案 =====
  PCA: 前11个主成分累计方差贡献=0.8557; PC1=0.2105

  各方案权重（前 12 项）：
    modernbert_professionalism                   EW=0.0455 EWM=0.1531 CRITIC=0.0810 PCA=0.0480 COMBO=0.1154
    modernbert_reasoning                         EW=0.0455 EWM=0.1014 CRITIC=0.0519 PCA=0.0926 COMBO=0.0752
    rps_lines_ending_with_terminal_punctution_mark EW=0.0455 EWM=0.0744 CRITIC=0.0618 PCA=0.0070 COMBO=0.0703
    ad_en                                        EW=0.0455 EWM=0.0828 CRITIC=0.0554 PCA=0.0121 COMBO=0.0702
    fluency_en                                   EW=0.0455 EWM=0.0753 CRITIC=0.0607 PCA=0.0309 COMBO=0.0701
    modernbert_cleanliness                       EW=0.0455 EWM=0.0587 CRITIC=0.0579 PCA=0.0574 COMBO=0.0605
    rps_doc_mean_word_length                     EW=0.0455 EWM=0.0552 CRITIC=0.0609 PCA=0.0090 COMBO=0.0601
    rps_lines_uppercase_letter_fraction          EW=0.0455 EWM=0.0506 CRITIC=0.0580 PCA=0.0158 COMBO=0.0561
    qurater                                      EW=0.0455 EWM=0.0498 CRITIC=0.0526 PCA=0.0103 COMBO=0.0531
    modernbert_readability                       EW=0.0455 EWM=0.0482 CRITIC=0.0540 PCA=0.0592 COMBO=0.0528
    fineweb_edu                                  EW=0.0455 EWM=0.0604 CRITIC=0.0395 PCA=0.0656 COMBO=0.0507
    rps_doc_num_sentences                        EW=0.0455 EWM=0.0398 CRITIC=0.0467 PCA=0.0184 COMBO=0.0447

===== S2.3 赋权方案一致性 =====
  Spearman 秩相关矩阵：
           EW       EWM    CRITIC       PCA     COMBO
      EW   1.0000    0.8371    0.9781    0.6384    0.9201
     EWM   0.8371    1.0000    0.9228    0.7557    0.9814
  CRITIC   0.9781    0.9228    1.0000    0.6929    0.9785
     PCA   0.6384    0.7557    0.6929    1.0000    0.7406
   COMBO   0.9201    0.9814    0.9785    0.7406    1.0000
  Kendall 协同系数 W = 0.875648  (k=5 方案, n=51230 样本)
  χ² = 224292.879, df = 51229, p = 0.000e+00 (方案间高度一致)

===== S2.4 最终 Q 评分 =====
  Q(组合) 统计: mean=0.5166 std=0.2093 min=0.0000 p5=0.1621 p50=0.5177 p95=0.8605 max=1.0000
  Q(秩融合) 与 Q(组合) Spearman = 0.9881
  Bootstrap Q 标准误: mean=0.00083 median=0.00083 max=0.00229
  Q 的 90% bootstrap 区间宽度: mean=0.00270
  权重变异系数(各指标): {'dsir_books': np.float64(3.26), 'dsir_wiki': np.float64(3.12), 'dsir_math': np.float64(2.77), 'rps_doc_word_count': np.float64(0.6), 'rps_doc_num_sentences': np.float64(0.49)} ...

===== S2.6 语料级/领域级聚合 =====
   数据集             域   样本数     Q_均值    Q_标准差    Q_中位数    Q_p10    Q_p25    Q_p75    Q_p90  Q_字符加权均值         平均字符数
sample         arxiv  1419 0.756879 0.107902 0.757958 0.623261 0.687492 0.829362 0.892640  0.717760  55234.560254
sample          book   171 0.365994 0.183716 0.336217 0.153337 0.227326 0.504564 0.634111  0.398490 472912.649123
sample            c4 10000 0.567718 0.190055 0.549175 0.336657 0.431550 0.690430 0.839964  0.662415   2289.178400
sample   commoncrawl  9640 0.596663 0.191553 0.584152 0.365352 0.461427 0.726655 0.867610  0.623277   7326.595228
sample        github 10000 0.410714 0.173578 0.413548 0.184859 0.303350 0.520283 0.625986  0.446493   4869.276900
sample stackexchange 10000 0.616056 0.148006 0.627414 0.420295 0.529691 0.718098 0.795564  0.667153   2399.850600
sample     wikipedia 10000 0.363002 0.191297 0.354584 0.119265 0.225247 0.491375 0.611823  0.508300   2599.182100
  arxiv 扩展集 Q: mean=0.7537 p50=0.7548
  github扩展集 Q: mean=0.4079 p50=0.4113

  sample 域级 Q 排序：
    arxiv            n=  1419 Q_mean=0.7569 p10=0.6233 p90=0.8926
    stackexchange    n= 10000 Q_mean=0.6161 p10=0.4203 p90=0.7956
    commoncrawl      n=  9640 Q_mean=0.5967 p10=0.3654 p90=0.8676
    c4               n= 10000 Q_mean=0.5677 p10=0.3367 p90=0.8400
    github           n= 10000 Q_mean=0.4107 p10=0.1849 p90=0.6260
    book             n=   171 Q_mean=0.3660 p10=0.1533 p90=0.6341
    wikipedia        n= 10000 Q_mean=0.3630 p10=0.1193 p90=0.6118

[OK] s2_quality 完成，耗时 9.8s
[END] s2_quality @ 2026-09-24 17:41:40
