[START] s5_mixture_loss @ 2026-09-24 18:26:54
===== 0) 载入 A4–A15 =====
  train      规模=  1M  P=(512, 17)  L=(512, 13)  Σp=0.99988  L均值=5.3447  配比熵=1.272
  test_1m    规模=  1M  P=(256, 17)  L=(256, 13)  Σp=0.99996  L均值=5.2823  配比熵=1.328
  test_60m   规模= 60M  P=(256, 17)  L=(256, 13)  Σp=0.99996  L均值=3.8229  配比熵=1.328
  test_1B    规模=  1B  P=(64, 17)  L=(64, 13)  Σp=0.99972  L均值=2.2256  配比熵=1.851
  est_10b    规模= 10B  P=(63, 17)  L=(63, 13)  Σp=0.99987  L均值=1.7975  配比熵=1.281
  est_70b    规模= 70B  P=(63, 17)  L=(63, 13)  Σp=0.99987  L均值=1.4145  配比熵=1.281

===== 1) 三步去规模归一化 =====
  [步1] 行中心化 L^c = L - mean_j(L)：
    数据集          规模      原始L均值      L^c逐域sd均值
    train        1M     5.3447         0.7038
    test_1m      1M     5.2823         0.6698
    test_60m    60M     3.8229         0.4947
    test_1B      1B     2.2256         0.1703
    est_10b     10B     1.7975         0.2307
    est_70b     70B     1.4145         0.1814

  [步2] 逐域幅度标准化 L^z = L^c / sd_j(L^c)（各数据集内部估计）：
    逐域幅度比 sd(70B)/sd(1M):
      arxiv              1M=0.940  70B=0.243  比=0.259
      freelaw            1M=0.775  70B=0.210  比=0.271
      pubmed_central     1M=0.791  70B=0.192  比=0.243
      wikipedia_en       1M=0.521  70B=0.137  比=0.263
      dm_mathematics     1M=1.370  70B=0.374  比=0.273
      github             1M=0.958  70B=0.207  比=0.216
      stackexchange      1M=0.663  70B=0.146  比=0.220
      gutenberg_pg_19    1M=0.443  70B=0.130  比=0.293
      pile_cc            1M=0.355  70B=0.114  比=0.323
      ubuntu_irc         1M=0.884  70B=0.236  比=0.267
      hackernews         1M=0.343  70B=0.090  比=0.262
      pubmed_abstracts   1M=0.568  70B=0.137  比=0.241
      uspto_backgrounds  1M=0.537  70B=0.143  比=0.266
    → 幅度比均值=0.261（普遍 <1，且域间差异显著：min=0.22, max=0.32）

  [步3] 列中心化 y = L^z - mean_i(L^z)（去除配比设计基线）：
    列中心化前列均值（即配比设计导致的偏移）:
    数据集         Σw_j·mean_i(Lz_j)
    train                 +0.2439
    test_1m               +0.3171
    test_60m              +0.7970
    test_1B               +1.0351
    est_10b               +0.1957
    est_70b               +0.1987

  域权重 w_j ∝ 1/sd_j(train)（逆波动归一）:
    {'arxiv': np.float64(0.0493), 'freelaw': np.float64(0.0598), 'pubmed_central': np.float64(0.0586), 'wikipedia_en': np.float64(0.089), 'dm_mathematics': np.float64(0.0338), 'github': np.float64(0.0484), 'stackexchange': np.float64(0.0699), 'gutenberg_pg_19': np.float64(0.1047), 'pile_cc': np.float64(0.1307), 'ubuntu_irc': np.float64(0.0524), 'hackernews': np.float64(0.1352), 'pubmed_abstracts': np.float64(0.0816), 'uspto_backgrounds': np.float64(0.0863)}

  训练目标 y: mean=+0.000000 sd=0.3419 范围[-0.995,0.734]
  各数据集 y 统计（均已零均值）:
    train      mean=+0.00000 sd=0.3419 [-0.995,+0.734]
    test_1m    mean=-0.00000 sd=0.3311 [-0.941,+0.831]
    test_60m   mean=+0.00000 sd=0.2678 [-1.055,+0.643]
    test_1B    mean=-0.00000 sd=0.2260 [-0.491,+0.533]
    est_10b    mean=-0.00000 sd=0.3539 [-0.782,+0.892]
    est_70b    mean=-0.00000 sd=0.3547 [-0.769,+0.924]

===== 2) 规模不变性实证：同一 p-设计的跨规模一致性 =====
  test_1m 与 test_60m 的 p 矩阵是否完全相同: True
                域  Lc相关(1M vs 60M)      秩相关  双重中心化后相关
            arxiv         0.991455 0.993226  0.991455
          freelaw         0.993997 0.991387  0.993997
   pubmed_central         0.991462 0.992162  0.991462
     wikipedia_en         0.990227 0.987821  0.990227
   dm_mathematics         0.980627 0.984231  0.980627
           github         0.988945 0.992617  0.988945
    stackexchange         0.993469 0.993744  0.993469
  gutenberg_pg_19         0.983946 0.984233  0.983946
          pile_cc         0.966529 0.950836  0.966529
       ubuntu_irc         0.986474 0.981268  0.986474
       hackernews         0.977543 0.973999  0.977543
 pubmed_abstracts         0.986513 0.987318  0.986513
uspto_backgrounds         0.989866 0.982783  0.989866
  → Lc 逐域跨规模相关均值 = 0.9862（>0.96，说明相对损失结构跨规模高度保持）
  加权目标 y 的跨规模相关: pearson=+0.9500 spearman=+0.9319

  域难度指纹（Lzz 逐域均值，列中心化后应≈0）与 train 的相关:
    数据集              Lz指纹相关
    train           +1.0000
    test_1m         +0.9858
    test_60m        +0.7693
    test_1B         +0.5403
    est_10b         +0.9889
    est_70b         +0.9897

===== 3) 配比-损失自效应（corr(log p_i, 目标/域损失)） =====
  同域 corr(log p_i, Lzz_i)：负=本域数据越多本域相对损失越低
  损失域                      1M       1M      60M       1B      10B      70B
  arxiv                -0.813   -0.817   -0.805   -0.803   -0.868   -0.872
  freelaw              -0.797   -0.818   -0.838   -0.941   -0.740   -0.741
  pubmed_central       +0.001   -0.026   -0.039   -0.236   +0.018   +0.018
  wikipedia_en         +0.179   +0.215   +0.181   +0.325   +0.200   +0.203
  dm_mathematics       -0.063   -0.027   +0.031   +0.113   -0.269   -0.270
  github               +0.063   +0.148   +0.109   +0.095   -0.060   -0.060
  stackexchange        -0.285   -0.323   -0.340   -0.148   -0.277   -0.271
  gutenberg_pg_19      +0.033   +0.020   -0.020   +0.145   +0.133   +0.137
  pile_cc              +0.398   +0.231   +0.216   +0.149   +0.642   +0.643
  ubuntu_irc           -0.187   -0.101   -0.093   +0.172   -0.154   -0.151
  hackernews           +0.055   +0.081   +0.079   +0.079   +0.004   +0.006
  pubmed_abstracts     +0.075   +0.105   +0.094   +0.429   +0.081   +0.077
  uspto_backgrounds    +0.203   +0.118   +0.071   +0.398   +0.288   +0.288

  参考：train 上 corr(log p_i, Lc_i)（原始幅度）:
    arxiv              r=-0.8128
    freelaw            r=-0.7971
    pubmed_central     r=+0.0013
    wikipedia_en       r=+0.1789
    dm_mathematics     r=-0.0635
    github             r=+0.0628
    stackexchange      r=-0.2851
    gutenberg_pg_19    r=+0.0327
    pile_cc            r=+0.3980
    ubuntu_irc         r=-0.1865
    hackernews         r=+0.0554
    pubmed_abstracts   r=+0.0754
    uspto_backgrounds  r=+0.2027

  17 域质量向量 q（MIXTURE_DOMAINS 顺序）:
    arxiv              Q=0.7569
    freelaw            Q=0.6130
    nih_exporter       Q=0.6053
    pubmed_central     Q=0.6402
    wikipedia_en       Q=0.3630
    dm_mathematics     Q=0.6382
    github             Q=0.4107
    philpapers         Q=0.6229
    stackexchange      Q=0.6161
    enron_emails       Q=0.5871
    gutenberg_pg_19    Q=0.3660
    pile_cc            Q=0.5967
    ubuntu_irc         Q=0.6424
    europarl           Q=0.6241
    hackernews         Q=0.6121
    pubmed_abstracts   Q=0.6045
    uspto_backgrounds  Q=0.5976

===== 4) 模型规格对比（目标 = 双重中心化加权损失 y） =====
  [linear    ] 特征数 = 19
  [log       ] 特征数 = 19
  [log_quad  ] 特征数 = 155
  [log_q     ] 特征数 = 36
  [log_q_quad] 特征数 = 308
        规格  特征数     训练R²    CV_R²    CV_sd  test_1m_R²  test_60m_R²  test_1B_R²  est_10b_R²  est_70b_R²  test_60m_Spearman  est_70b_Spearman
    linear   19 0.873984 0.862900 0.014769    0.835772     0.589353   -0.806767    0.896344    0.896320           0.829261          0.939996
       log   19 0.873984 0.862900 0.014769    0.835772     0.589353   -0.806767    0.896344    0.896320           0.829261          0.939996
  log_quad  155 0.920755 0.882062 0.015158    0.857758     0.696793   -0.242443    0.887691    0.880715           0.854684          0.963518
     log_q   36 0.873977 0.863193 0.014743    0.835778     0.589757   -0.803783    0.896366    0.896339           0.829178          0.939516
log_q_quad  308 0.919856 0.880654 0.016564    0.857534     0.697125   -0.246081    0.887188    0.880221           0.854405          0.963470

  >>> 最优规格（按同规模 CV R²）= log_quad (CV R²=0.8821, test_1m R²=0.8578)

===== 5) 最优规格 [log_quad] 详细 =====
  alpha=46.42  训练R²=0.9208  RMSE=0.0963  特征数=155

  Top-20 特征（|标准化系数|）:
                                       特征     标准化系数
           logp_github*logp_stackexchange -0.063605
                      logp_dm_mathematics  0.063326
            logp_arxiv*logp_stackexchange -0.045654
           logp_arxiv*logp_pubmed_central -0.033954
   logp_pubmed_central*logp_stackexchange -0.028631
                          logp_hackernews -0.027394
             logp_pile_cc*logp_hackernews  0.027110
                          logp_ubuntu_irc  0.026642
             logp_philpapers*logp_pile_cc  0.026073
      logp_dm_mathematics*logp_ubuntu_irc -0.023479
                   logp_arxiv*logp_github -0.023426
       logp_stackexchange*logp_ubuntu_irc -0.022738
    logp_nih_exporter*logp_dm_mathematics -0.022092
      logp_dm_mathematics*logp_philpapers -0.019191
           logp_wikipedia_en*logp_pile_cc  0.018698
                logp_freelaw*logp_pile_cc  0.018549
                               logp_arxiv  0.017941
logp_pubmed_central*logp_pubmed_abstracts -0.017926
          logp_dm_mathematics*logp_github -0.017748
     logp_philpapers*logp_gutenberg_pg_19  0.017291

===== 6) 各数据集评估（双重中心化口径） =====
     数据集 模型规模   n        R²     RMSE      MAE  Spearman   实际y_sd   预测y_sd    原始L均值
   train   1M 512  0.920755 0.096257 0.076395  0.957085 0.342272 0.321006 5.344657
 test_1m   1M 256  0.857758 0.124885 0.099548  0.933569 0.331775 0.295984 5.282282
test_60m  60M 256  0.696793 0.147447 0.121483  0.854684 0.268297 0.295984 3.822911
 test_1B   1B  64 -0.242443 0.251929 0.218386  0.536081 0.227803 0.171906 2.225570
 est_10b  10B  63  0.887691 0.118604 0.095032  0.964334 0.356754 0.376799 1.797459
 est_70b  70B  63  0.880715 0.122516 0.097828  0.963518 0.357580 0.376799 1.414546

===== 7) 域级建模：13 个损失域分别拟合 =====
              损失域     训练R²  自身logp系数  loss均值(1M)  Lc_sd(1M)  Lc_sd(70B)  test_1m_R²  test_60m_R²  test_1B_R²  est_10b_R²  est_70b_R²
            arxiv 0.921188 -0.243834    5.044063   0.939827    0.243489    0.817096     0.810174    0.280280    0.942242    0.938118
          freelaw 0.900249 -0.186682    5.282574   0.775427    0.209918    0.809877     0.803266    0.328954    0.877521    0.869656
   pubmed_central 0.918446 -0.151022    5.175930   0.791399    0.192312    0.877952     0.862162    0.086350    0.871389    0.861304
     wikipedia_en 0.864091 -0.141042    5.810898   0.520906    0.137247    0.800582     0.767270    0.494928    0.834568    0.828090
   dm_mathematics 0.975383 -0.895605    3.893576   1.370211    0.373659    0.948735     0.901955    0.797104    0.945609    0.940204
           github 0.899242 -0.111795    5.279517   0.957795    0.207269    0.812617     0.789869    0.163014    0.851925    0.847864
    stackexchange 0.887619 -0.104028    5.245853   0.663052    0.145657    0.804863     0.795710    0.327861    0.817917    0.812590
  gutenberg_pg_19 0.846128 -0.134822    5.445764   0.443158    0.129666    0.772875     0.752651    0.359385    0.754364    0.748472
          pile_cc 0.896229 -0.101428    5.727794   0.354732    0.114481    0.803637     0.714865   -0.047334    0.876635    0.867211
       ubuntu_irc 0.937019 -0.419169    6.553487   0.884321    0.235789    0.908419     0.876452    0.710414    0.857819    0.840031
       hackernews 0.905260 -0.210195    5.403715   0.343013    0.089769    0.871961     0.814082   -0.217748    0.887800    0.882477
 pubmed_abstracts 0.815837 -0.099251    5.439562   0.568268    0.136710    0.685081     0.676367    0.354530    0.728629    0.721862
uspto_backgrounds 0.861671 -0.216298    5.177806   0.537160    0.142763    0.776031     0.772746    0.496550    0.874969    0.867831

[OK] s5_mixture_loss 完成，耗时 0.9s
[END] s5_mixture_loss @ 2026-09-24 18:26:55
